460.vert
Shader version: 460
0:? Sequence
0:7  Function Definition: main( ( global void)
0:7    Function Parameters: 
0:?   Linker Objects
0:?     'i' ( global int)
0:?     'f' ( global float)
0:?     'gl_VertexID' ( gl_VertexId int VertexId)
0:?     'gl_InstanceID' ( gl_InstanceId int InstanceId)


Linked vertex stage:


Shader version: 460
0:? Sequence
0:7  Function Definition: main( ( global void)
0:7    Function Parameters: 
0:?   Linker Objects
0:?     'i' ( global int)
0:?     'f' ( global float)
0:?     'gl_VertexID' ( gl_VertexId int VertexId)
0:?     'gl_InstanceID' ( gl_InstanceId int InstanceId)

