hlsl.intrinsics.barriers.comp
Shader version: 500
local_size = (1, 1, 1)
0:? Sequence
0:3  Function Definition: @ComputeShaderFunction( ( temp float)
0:3    Function Parameters: 
0:?     Sequence
0:4      MemoryBarrier ( temp void)
0:5      AllMemoryBarrierWithGroupSync ( temp void)
0:6      GroupMemoryBarrier ( temp void)
0:7      GroupMemoryBarrierWithGroupSync ( temp void)
0:8      WorkgroupMemoryBarrier ( temp void)
0:9      WorkgroupMemoryBarrierWithGroupSync ( temp void)
0:11      Branch: Return with expression
0:11        Constant:
0:11          0.000000
0:3  Function Definition: ComputeShaderFunction( ( temp void)
0:3    Function Parameters: 
0:?     Sequence
0:3      move second child to first child ( temp float)
0:?         '@entryPointOutput' (layout( location=0) out float)
0:3        Function Call: @ComputeShaderFunction( ( temp float)
0:?   Linker Objects
0:?     '@entryPointOutput' (layout( location=0) out float)


Linked compute stage:


Shader version: 500
local_size = (1, 1, 1)
0:? Sequence
0:3  Function Definition: @ComputeShaderFunction( ( temp float)
0:3    Function Parameters: 
0:?     Sequence
0:4      MemoryBarrier ( temp void)
0:5      AllMemoryBarrierWithGroupSync ( temp void)
0:6      GroupMemoryBarrier ( temp void)
0:7      GroupMemoryBarrierWithGroupSync ( temp void)
0:8      WorkgroupMemoryBarrier ( temp void)
0:9      WorkgroupMemoryBarrierWithGroupSync ( temp void)
0:11      Branch: Return with expression
0:11        Constant:
0:11          0.000000
0:3  Function Definition: ComputeShaderFunction( ( temp void)
0:3    Function Parameters: 
0:?     Sequence
0:3      move second child to first child ( temp float)
0:?         '@entryPointOutput' (layout( location=0) out float)
0:3        Function Call: @ComputeShaderFunction( ( temp float)
0:?   Linker Objects
0:?     '@entryPointOutput' (layout( location=0) out float)

// Module Version 10000
// Generated by (magic number): 80002
// Id's are bound by 23

                              Capability Shader
               1:             ExtInstImport  "GLSL.std.450"
                              MemoryModel Logical GLSL450
                              EntryPoint GLCompute 4  "ComputeShaderFunction" 21
                              ExecutionMode 4 LocalSize 1 1 1
                              Source HLSL 500
                              Name 4  "ComputeShaderFunction"
                              Name 8  "@ComputeShaderFunction("
                              Name 21  "@entryPointOutput"
                              Decorate 21(@entryPointOutput) Location 0
               2:             TypeVoid
               3:             TypeFunction 2
               6:             TypeFloat 32
               7:             TypeFunction 6(float)
              10:             TypeInt 32 0
              11:     10(int) Constant 1
              12:     10(int) Constant 4040
              13:     10(int) Constant 4048
              14:     10(int) Constant 2
              15:     10(int) Constant 512
              16:     10(int) Constant 256
              17:    6(float) Constant 0
              20:             TypePointer Output 6(float)
21(@entryPointOutput):     20(ptr) Variable Output
4(ComputeShaderFunction):           2 Function None 3
               5:             Label
              22:    6(float) FunctionCall 8(@ComputeShaderFunction()
                              Store 21(@entryPointOutput) 22
                              Return
                              FunctionEnd
8(@ComputeShaderFunction():    6(float) Function None 7
               9:             Label
                              MemoryBarrier 11 12
                              ControlBarrier 11 11 13
                              MemoryBarrier 14 12
                              ControlBarrier 11 11 15
                              MemoryBarrier 14 16
                              ControlBarrier 14 14 16
                              ReturnValue 17
                              FunctionEnd
