hlsl.float1.frag
Shader version: 500
gl_FragCoord origin is upper left
0:? Sequence
0:1  Sequence
0:1    move second child to first child ( temp 1-component vector of float)
0:1      'f1' ( global 1-component vector of float)
0:1      Constant:
0:1        1.000000
0:2  Sequence
0:2    move second child to first child ( temp float)
0:2      'scalar' ( global float)
0:2      Constant:
0:2        2.000000
0:5  Function Definition: @ShaderFunction(vf1;f1; ( temp 1-component vector of float)
0:5    Function Parameters: 
0:5      'inFloat1' ( in 1-component vector of float)
0:5      'inScalar' ( in float)
0:?     Sequence
0:6      Branch: Return with expression
0:6        add ( temp 1-component vector of float)
0:6          vector-scale ( temp 1-component vector of float)
0:6            'f1' ( global 1-component vector of float)
0:6            'scalar' ( global float)
0:6          vector-scale ( temp 1-component vector of float)
0:6            'inFloat1' ( in 1-component vector of float)
0:6            'inScalar' ( in float)
0:5  Function Definition: ShaderFunction( ( temp void)
0:5    Function Parameters: 
0:?     Sequence
0:5      move second child to first child ( temp 1-component vector of float)
0:?         'inFloat1' ( temp 1-component vector of float)
0:?         'inFloat1' (layout( location=0) in 1-component vector of float)
0:5      move second child to first child ( temp float)
0:?         'inScalar' ( temp float)
0:?         'inScalar' (layout( location=1) in float)
0:5      move second child to first child ( temp 1-component vector of float)
0:?         '@entryPointOutput' (layout( location=0) out 1-component vector of float)
0:5        Function Call: @ShaderFunction(vf1;f1; ( temp 1-component vector of float)
0:?           'inFloat1' ( temp 1-component vector of float)
0:?           'inScalar' ( temp float)
0:?   Linker Objects
0:?     'f1' ( global 1-component vector of float)
0:?     'scalar' ( global float)
0:?     '@entryPointOutput' (layout( location=0) out 1-component vector of float)
0:?     'inFloat1' (layout( location=0) in 1-component vector of float)
0:?     'inScalar' (layout( location=1) in float)


Linked fragment stage:


Shader version: 500
gl_FragCoord origin is upper left
0:? Sequence
0:1  Sequence
0:1    move second child to first child ( temp 1-component vector of float)
0:1      'f1' ( global 1-component vector of float)
0:1      Constant:
0:1        1.000000
0:2  Sequence
0:2    move second child to first child ( temp float)
0:2      'scalar' ( global float)
0:2      Constant:
0:2        2.000000
0:5  Function Definition: @ShaderFunction(vf1;f1; ( temp 1-component vector of float)
0:5    Function Parameters: 
0:5      'inFloat1' ( in 1-component vector of float)
0:5      'inScalar' ( in float)
0:?     Sequence
0:6      Branch: Return with expression
0:6        add ( temp 1-component vector of float)
0:6          vector-scale ( temp 1-component vector of float)
0:6            'f1' ( global 1-component vector of float)
0:6            'scalar' ( global float)
0:6          vector-scale ( temp 1-component vector of float)
0:6            'inFloat1' ( in 1-component vector of float)
0:6            'inScalar' ( in float)
0:5  Function Definition: ShaderFunction( ( temp void)
0:5    Function Parameters: 
0:?     Sequence
0:5      move second child to first child ( temp 1-component vector of float)
0:?         'inFloat1' ( temp 1-component vector of float)
0:?         'inFloat1' (layout( location=0) in 1-component vector of float)
0:5      move second child to first child ( temp float)
0:?         'inScalar' ( temp float)
0:?         'inScalar' (layout( location=1) in float)
0:5      move second child to first child ( temp 1-component vector of float)
0:?         '@entryPointOutput' (layout( location=0) out 1-component vector of float)
0:5        Function Call: @ShaderFunction(vf1;f1; ( temp 1-component vector of float)
0:?           'inFloat1' ( temp 1-component vector of float)
0:?           'inScalar' ( temp float)
0:?   Linker Objects
0:?     'f1' ( global 1-component vector of float)
0:?     'scalar' ( global float)
0:?     '@entryPointOutput' (layout( location=0) out 1-component vector of float)
0:?     'inFloat1' (layout( location=0) in 1-component vector of float)
0:?     'inScalar' (layout( location=1) in float)

// Module Version 10000
// Generated by (magic number): 80008
// Id's are bound by 41

                              Capability Shader
               1:             ExtInstImport  "GLSL.std.450"
                              MemoryModel Logical GLSL450
                              EntryPoint Fragment 4  "ShaderFunction" 29 32 35
                              ExecutionMode 4 OriginUpperLeft
                              Source HLSL 500
                              Name 4  "ShaderFunction"
                              Name 11  "@ShaderFunction(vf1;f1;"
                              Name 9  "inFloat1"
                              Name 10  "inScalar"
                              Name 14  "f1"
                              Name 16  "scalar"
                              Name 27  "inFloat1"
                              Name 29  "inFloat1"
                              Name 31  "inScalar"
                              Name 32  "inScalar"
                              Name 35  "@entryPointOutput"
                              Name 36  "param"
                              Name 38  "param"
                              Decorate 29(inFloat1) Location 0
                              Decorate 32(inScalar) Location 1
                              Decorate 35(@entryPointOutput) Location 0
               2:             TypeVoid
               3:             TypeFunction 2
               6:             TypeFloat 32
               7:             TypePointer Function 6(float)
               8:             TypeFunction 6(float) 7(ptr) 7(ptr)
              13:             TypePointer Private 6(float)
          14(f1):     13(ptr) Variable Private
              15:    6(float) Constant 1065353216
      16(scalar):     13(ptr) Variable Private
              17:    6(float) Constant 1073741824
              28:             TypePointer Input 6(float)
    29(inFloat1):     28(ptr) Variable Input
    32(inScalar):     28(ptr) Variable Input
              34:             TypePointer Output 6(float)
35(@entryPointOutput):     34(ptr) Variable Output
4(ShaderFunction):           2 Function None 3
               5:             Label
    27(inFloat1):      7(ptr) Variable Function
    31(inScalar):      7(ptr) Variable Function
       36(param):      7(ptr) Variable Function
       38(param):      7(ptr) Variable Function
                              Store 14(f1) 15
                              Store 16(scalar) 17
              30:    6(float) Load 29(inFloat1)
                              Store 27(inFloat1) 30
              33:    6(float) Load 32(inScalar)
                              Store 31(inScalar) 33
              37:    6(float) Load 27(inFloat1)
                              Store 36(param) 37
              39:    6(float) Load 31(inScalar)
                              Store 38(param) 39
              40:    6(float) FunctionCall 11(@ShaderFunction(vf1;f1;) 36(param) 38(param)
                              Store 35(@entryPointOutput) 40
                              Return
                              FunctionEnd
11(@ShaderFunction(vf1;f1;):    6(float) Function None 8
     9(inFloat1):      7(ptr) FunctionParameter
    10(inScalar):      7(ptr) FunctionParameter
              12:             Label
              18:    6(float) Load 14(f1)
              19:    6(float) Load 16(scalar)
              20:    6(float) FMul 18 19
              21:    6(float) Load 9(inFloat1)
              22:    6(float) Load 10(inScalar)
              23:    6(float) FMul 21 22
              24:    6(float) FAdd 20 23
                              ReturnValue 24
                              FunctionEnd
