reflection.frag
Uniform reflection:

Uniform block reflection:

Pipeline input reflection:
inval: offset 0, type 1406, size 0, index 0, binding -1, stages 0

Pipeline output reflection:

