reflection.frag
Uniform reflection:

Uniform block reflection:

Pipeline input reflection:

Pipeline output reflection:

