spv.drawParams.vert
Warning, version 450 is not yet complete; most version-specific features are present, but some are missing.

Shader version: 450
Requested GL_ARB_shader_draw_parameters
0:? Sequence
0:7  Function Definition: main( (global void)
0:7    Function Parameters: 
0:9    Sequence
0:9      Sequence
0:9        move second child to first child (temp int)
0:9          'a' (temp int)
0:9          'gl_BaseVertexARB' (in int BaseVertex)
0:10      Sequence
0:10        move second child to first child (temp int)
0:10          'b' (temp int)
0:10          'gl_BaseInstanceARB' (in int BaseInstance)
0:11      Sequence
0:11        move second child to first child (temp int)
0:11          'c' (temp int)
0:11          'gl_DrawIDARB' (in int DrawId)
0:12      move second child to first child (temp 3-component vector of float)
0:12        'pos' (smooth out 3-component vector of float)
0:12        Construct vec3 (temp 3-component vector of float)
0:12          Convert int to float (temp float)
0:12            'a' (temp int)
0:12          Convert int to float (temp float)
0:12            'b' (temp int)
0:12          Convert int to float (temp float)
0:12            'c' (temp int)
0:?   Linker Objects
0:?     'pos' (smooth out 3-component vector of float)
0:?     'gl_VertexID' (gl_VertexId int VertexId)
0:?     'gl_InstanceID' (gl_InstanceId int InstanceId)


Linked vertex stage:


Shader version: 450
Requested GL_ARB_shader_draw_parameters
0:? Sequence
0:7  Function Definition: main( (global void)
0:7    Function Parameters: 
0:9    Sequence
0:9      Sequence
0:9        move second child to first child (temp int)
0:9          'a' (temp int)
0:9          'gl_BaseVertexARB' (in int BaseVertex)
0:10      Sequence
0:10        move second child to first child (temp int)
0:10          'b' (temp int)
0:10          'gl_BaseInstanceARB' (in int BaseInstance)
0:11      Sequence
0:11        move second child to first child (temp int)
0:11          'c' (temp int)
0:11          'gl_DrawIDARB' (in int DrawId)
0:12      move second child to first child (temp 3-component vector of float)
0:12        'pos' (smooth out 3-component vector of float)
0:12        Construct vec3 (temp 3-component vector of float)
0:12          Convert int to float (temp float)
0:12            'a' (temp int)
0:12          Convert int to float (temp float)
0:12            'b' (temp int)
0:12          Convert int to float (temp float)
0:12            'c' (temp int)
0:?   Linker Objects
0:?     'pos' (smooth out 3-component vector of float)
0:?     'gl_VertexID' (gl_VertexId int VertexId)
0:?     'gl_InstanceID' (gl_InstanceId int InstanceId)

