hlsl.samplecmp.dualmode.frag
// Module Version 10000
// Generated by (magic number): 80005
// Id's are bound by 42

                              Capability Shader
                              Capability Sampled1D
               1:             ExtInstImport  "GLSL.std.450"
                              MemoryModel Logical GLSL450
                              EntryPoint Fragment 4  "main" 41
                              ExecutionMode 4 OriginUpperLeft
                              Source HLSL 500
                              Name 4  "main"
                              Name 41  "@entryPointOutput"
                              Decorate 41(@entryPointOutput) Location 0
               2:             TypeVoid
               3:             TypeFunction 2
               6:             TypeFloat 32
               7:             TypeVector 6(float) 4
              36:    6(float) Constant 0
              37:    7(fvec4) ConstantComposite 36 36 36 36
              40:             TypePointer Output 7(fvec4)
41(@entryPointOutput):     40(ptr) Variable Output
         4(main):           2 Function None 3
               5:             Label
                              Store 41(@entryPointOutput) 37
                              Return
                              FunctionEnd
